
> resume-builder-frontend@1.0.0 build
> vite build

